// Jest Snapshot v1, https://goo.gl/fbAQLP

exports[`Users Database 1`] = `
[
  {
    "_id": "6476321f4894b5bac9018a23",
    "admin": true,
    "password": "$2y$10$ZxYbM2VZdBFWRNyUDIL1DO8P.f3zUh42l4boOrZPP0//pXQFYMHRi",
    "username": "admin",
  },
]
`;

exports[`Users Get users 1`] = `
[
  {
    "_id": "6476321f4894b5bac9018a23",
    "admin": true,
    "password": "$2y$10$ZxYbM2VZdBFWRNyUDIL1DO8P.f3zUh42l4boOrZPP0//pXQFYMHRi",
    "username": "admin",
  },
]
`;
